[09:11:31]: [33mGet started using a Gemfile for fastlane https://docs.fastlane.tools/getting-started/ios/setup/#use-a-gemfile[0m
[09:11:31]: ---------------------------
[09:11:31]: --- Step: opt_out_usage ---
[09:11:31]: ---------------------------
[09:11:31]: Disabled upload of used actions
[09:11:31]: ------------------------------
[09:11:31]: --- Step: default_platform ---
[09:11:31]: ------------------------------
[09:11:31]: Driving the lane 'ios upload_metadata' 🚀
[09:11:31]: ---------------------------------------
[09:11:31]: --- Step: app_store_connect_api_key ---
[09:11:31]: ---------------------------------------
[09:11:32]: ---------------------
[09:11:32]: --- Step: deliver ---
[09:11:32]: ---------------------
[09:11:32]: Successfully loaded '/Users/jackwallner/vitals/fastlane/Deliverfile' 📄

+--------------------------------------------------+
|  Detected Values from './fastlane/Deliverfile'   |
+-----------+--------------------------------------+
| languages | ["ar-SA", "bn-BD", "ca", "cs",       |
|           | "da", "de-DE", "el", "en-AU",        |
|           | "en-CA", "en-GB", "en-US", "es-ES",  |
|           | "es-MX", "fi", "fr-CA", "fr-FR",     |
|           | "gu-IN", "he", "hi", "hr", "hu",     |
|           | "id", "it", "ja", "kn-IN", "ko",     |
|           | "ml-IN", "mr-IN", "ms", "nl-NL",     |
|           | "no", "or-IN", "pa-IN", "pl",        |
|           | "pt-BR", "pt-PT", "ro", "ru", "sk",  |
|           | "sl-SI", "sv", "ta-IN", "te-IN",     |
|           | "th", "tr", "uk", "ur-PK", "vi",     |
|           | "zh-Hans", "zh-Hant"]                |
+-----------+--------------------------------------+

[09:11:32]: Creating authorization token for App Store Connect API

+-----------------------------------------------------------------------------+
|                           deliver 2.234.0 Summary                           |
+--------------------------------------+--------------------------------------+
| api_key                              | ********                             |
| app_version                          | 1.5.3                                |
| skip_app_version_update              | true                                 |
| force                                | true                                 |
| ignore_language_directory_validatio  | true                                 |
| n                                    |                                      |
| precheck_include_in_app_purchases    | false                                |
| version_check_wait_retry_limit       | 7                                    |
| skip_binary_upload                   | true                                 |
| skip_screenshots                     | true                                 |
| overwrite_screenshots                | false                                |
| submit_for_review                    | false                                |
| automatic_release                    | false                                |
| run_precheck_before_submit           | false                                |
| submission_information.add_id_info_  | false                                |
| uses_idfa                            |                                      |
| screenshots_path                     | ./fastlane/screenshots               |
| metadata_path                        | ./fastlane/metadata                  |
| username                             | jackwallner@gmail.com                |
| app_identifier                       | com.jackwallner.vitals               |
| platform                             | ios                                  |
| edit_live                            | false                                |
| use_live_version                     | false                                |
| preview_frame_time_code              | 00:00:05:00                          |
| overwrite_preview_videos             | false                                |
| skip_metadata                        | false                                |
| screenshot_processing_timeout        | 3600                                 |
| sync_screenshots                     | false                                |
| verify_only                          | false                                |
| reject_if_possible                   | false                                |
| phased_release                       | false                                |
| reset_ratings                        | false                                |
| team_id                              | YXG4MP6W39                           |
| dev_portal_team_id                   | YXG4MP6W39                           |
| precheck_default_rule_level          | warn                                 |
| languages                            | ["ar-SA", "bn-BD", "ca", "cs",       |
|                                      | "da", "de-DE", "el", "en-AU",        |
|                                      | "en-CA", "en-GB", "en-US", "es-ES",  |
|                                      | "es-MX", "fi", "fr-CA", "fr-FR",     |
|                                      | "gu-IN", "he", "hi", "hr", "hu",     |
|                                      | "id", "it", "ja", "kn-IN", "ko",     |
|                                      | "ml-IN", "mr-IN", "ms", "nl-NL",     |
|                                      | "no", "or-IN", "pa-IN", "pl",        |
|                                      | "pt-BR", "pt-PT", "ro", "ru", "sk",  |
|                                      | "sl-SI", "sv", "ta-IN", "te-IN",     |
|                                      | "th", "tr", "uk", "ur-PK", "vi",     |
|                                      | "zh-Hans", "zh-Hant"]                |
+--------------------------------------+--------------------------------------+

[09:11:32]: Loading './fastlane/metadata/ar-SA/description.txt'...
[09:11:32]: Loading './fastlane/metadata/ar-SA/keywords.txt'...
[09:11:32]: Loading './fastlane/metadata/ar-SA/release_notes.txt'...
[09:11:32]: Loading './fastlane/metadata/ar-SA/support_url.txt'...
[09:11:32]: Loading './fastlane/metadata/ar-SA/marketing_url.txt'...
[09:11:32]: Loading './fastlane/metadata/ar-SA/promotional_text.txt'...
[09:11:32]: Loading './fastlane/metadata/ar-SA/name.txt'...
[09:11:32]: Loading './fastlane/metadata/ar-SA/subtitle.txt'...
[09:11:32]: Loading './fastlane/metadata/ar-SA/privacy_url.txt'...
[09:11:32]: Loading './fastlane/metadata/ar-SA/apple_tv_privacy_policy.txt'...
[09:11:32]: Loading './fastlane/metadata/bn-BD/description.txt'...
[09:11:32]: Loading './fastlane/metadata/bn-BD/keywords.txt'...
[09:11:32]: Loading './fastlane/metadata/bn-BD/release_notes.txt'...
[09:11:32]: Loading './fastlane/metadata/bn-BD/support_url.txt'...
[09:11:32]: Loading './fastlane/metadata/bn-BD/marketing_url.txt'...
[09:11:32]: Loading './fastlane/metadata/bn-BD/promotional_text.txt'...
[09:11:32]: Loading './fastlane/metadata/bn-BD/name.txt'...
[09:11:32]: Loading './fastlane/metadata/bn-BD/subtitle.txt'...
[09:11:32]: Loading './fastlane/metadata/bn-BD/privacy_url.txt'...
[09:11:32]: Loading './fastlane/metadata/bn-BD/apple_tv_privacy_policy.txt'...
[09:11:32]: Loading './fastlane/metadata/ca/description.txt'...
[09:11:32]: Loading './fastlane/metadata/ca/keywords.txt'...
[09:11:32]: Loading './fastlane/metadata/ca/release_notes.txt'...
[09:11:32]: Loading './fastlane/metadata/ca/support_url.txt'...
[09:11:32]: Loading './fastlane/metadata/ca/marketing_url.txt'...
[09:11:32]: Loading './fastlane/metadata/ca/promotional_text.txt'...
[09:11:32]: Loading './fastlane/metadata/ca/name.txt'...
[09:11:32]: Loading './fastlane/metadata/ca/subtitle.txt'...
[09:11:32]: Loading './fastlane/metadata/ca/privacy_url.txt'...
[09:11:32]: Loading './fastlane/metadata/ca/apple_tv_privacy_policy.txt'...
[09:11:32]: Loading './fastlane/metadata/cs/description.txt'...
[09:11:32]: Loading './fastlane/metadata/cs/keywords.txt'...
[09:11:32]: Loading './fastlane/metadata/cs/release_notes.txt'...
[09:11:32]: Loading './fastlane/metadata/cs/support_url.txt'...
[09:11:32]: Loading './fastlane/metadata/cs/marketing_url.txt'...
[09:11:32]: Loading './fastlane/metadata/cs/promotional_text.txt'...
[09:11:32]: Loading './fastlane/metadata/cs/name.txt'...
[09:11:32]: Loading './fastlane/metadata/cs/subtitle.txt'...
[09:11:32]: Loading './fastlane/metadata/cs/privacy_url.txt'...
[09:11:32]: Loading './fastlane/metadata/cs/apple_tv_privacy_policy.txt'...
[09:11:32]: Loading './fastlane/metadata/da/description.txt'...
[09:11:32]: Loading './fastlane/metadata/da/keywords.txt'...
[09:11:32]: Loading './fastlane/metadata/da/release_notes.txt'...
[09:11:32]: Loading './fastlane/metadata/da/support_url.txt'...
[09:11:32]: Loading './fastlane/metadata/da/marketing_url.txt'...
[09:11:32]: Loading './fastlane/metadata/da/promotional_text.txt'...
[09:11:32]: Loading './fastlane/metadata/da/name.txt'...
[09:11:32]: Loading './fastlane/metadata/da/subtitle.txt'...
[09:11:32]: Loading './fastlane/metadata/da/privacy_url.txt'...
[09:11:32]: Loading './fastlane/metadata/da/apple_tv_privacy_policy.txt'...
[09:11:32]: Loading './fastlane/metadata/de-DE/description.txt'...
[09:11:32]: Loading './fastlane/metadata/de-DE/keywords.txt'...
[09:11:32]: Loading './fastlane/metadata/de-DE/release_notes.txt'...
[09:11:32]: Loading './fastlane/metadata/de-DE/support_url.txt'...
[09:11:32]: Loading './fastlane/metadata/de-DE/marketing_url.txt'...
[09:11:32]: Loading './fastlane/metadata/de-DE/promotional_text.txt'...
[09:11:32]: Loading './fastlane/metadata/de-DE/name.txt'...
[09:11:32]: Loading './fastlane/metadata/de-DE/subtitle.txt'...
[09:11:32]: Loading './fastlane/metadata/de-DE/privacy_url.txt'...
[09:11:32]: Loading './fastlane/metadata/de-DE/apple_tv_privacy_policy.txt'...
[09:11:32]: Loading './fastlane/metadata/el/description.txt'...
[09:11:32]: Loading './fastlane/metadata/el/keywords.txt'...
[09:11:32]: Loading './fastlane/metadata/el/release_notes.txt'...
[09:11:32]: Loading './fastlane/metadata/el/support_url.txt'...
[09:11:32]: Loading './fastlane/metadata/el/marketing_url.txt'...
[09:11:32]: Loading './fastlane/metadata/el/promotional_text.txt'...
[09:11:32]: Loading './fastlane/metadata/el/name.txt'...
[09:11:32]: Loading './fastlane/metadata/el/subtitle.txt'...
[09:11:32]: Loading './fastlane/metadata/el/privacy_url.txt'...
[09:11:32]: Loading './fastlane/metadata/el/apple_tv_privacy_policy.txt'...
[09:11:32]: Loading './fastlane/metadata/en-AU/description.txt'...
[09:11:32]: Loading './fastlane/metadata/en-AU/keywords.txt'...
[09:11:32]: Loading './fastlane/metadata/en-AU/release_notes.txt'...
[09:11:32]: Loading './fastlane/metadata/en-AU/support_url.txt'...
[09:11:32]: Loading './fastlane/metadata/en-AU/marketing_url.txt'...
[09:11:32]: Loading './fastlane/metadata/en-AU/promotional_text.txt'...
[09:11:32]: Loading './fastlane/metadata/en-AU/name.txt'...
[09:11:32]: Loading './fastlane/metadata/en-AU/subtitle.txt'...
[09:11:32]: Loading './fastlane/metadata/en-AU/privacy_url.txt'...
[09:11:32]: Loading './fastlane/metadata/en-AU/apple_tv_privacy_policy.txt'...
[09:11:32]: Loading './fastlane/metadata/en-CA/description.txt'...
[09:11:32]: Loading './fastlane/metadata/en-CA/keywords.txt'...
[09:11:32]: Loading './fastlane/metadata/en-CA/release_notes.txt'...
[09:11:32]: Loading './fastlane/metadata/en-CA/support_url.txt'...
[09:11:32]: Loading './fastlane/metadata/en-CA/marketing_url.txt'...
[09:11:32]: Loading './fastlane/metadata/en-CA/promotional_text.txt'...
[09:11:32]: Loading './fastlane/metadata/en-CA/name.txt'...
[09:11:32]: Loading './fastlane/metadata/en-CA/subtitle.txt'...
[09:11:32]: Loading './fastlane/metadata/en-CA/privacy_url.txt'...
[09:11:32]: Loading './fastlane/metadata/en-CA/apple_tv_privacy_policy.txt'...
[09:11:32]: Loading './fastlane/metadata/en-GB/description.txt'...
[09:11:32]: Loading './fastlane/metadata/en-GB/keywords.txt'...
[09:11:32]: Loading './fastlane/metadata/en-GB/release_notes.txt'...
[09:11:32]: Loading './fastlane/metadata/en-GB/support_url.txt'...
[09:11:32]: Loading './fastlane/metadata/en-GB/marketing_url.txt'...
[09:11:32]: Loading './fastlane/metadata/en-GB/promotional_text.txt'...
[09:11:32]: Loading './fastlane/metadata/en-GB/name.txt'...
[09:11:32]: Loading './fastlane/metadata/en-GB/subtitle.txt'...
[09:11:32]: Loading './fastlane/metadata/en-GB/privacy_url.txt'...
[09:11:32]: Loading './fastlane/metadata/en-GB/apple_tv_privacy_policy.txt'...
[09:11:32]: Loading './fastlane/metadata/en-US/description.txt'...
[09:11:32]: Loading './fastlane/metadata/en-US/keywords.txt'...
[09:11:32]: Loading './fastlane/metadata/en-US/release_notes.txt'...
[09:11:32]: Loading './fastlane/metadata/en-US/support_url.txt'...
[09:11:32]: Loading './fastlane/metadata/en-US/marketing_url.txt'...
[09:11:32]: Loading './fastlane/metadata/en-US/promotional_text.txt'...
[09:11:32]: Loading './fastlane/metadata/en-US/name.txt'...
[09:11:32]: Loading './fastlane/metadata/en-US/subtitle.txt'...
[09:11:32]: Loading './fastlane/metadata/en-US/privacy_url.txt'...
[09:11:32]: Loading './fastlane/metadata/en-US/apple_tv_privacy_policy.txt'...
[09:11:32]: Loading './fastlane/metadata/es-ES/description.txt'...
[09:11:32]: Loading './fastlane/metadata/es-ES/keywords.txt'...
[09:11:32]: Loading './fastlane/metadata/es-ES/release_notes.txt'...
[09:11:32]: Loading './fastlane/metadata/es-ES/support_url.txt'...
[09:11:32]: Loading './fastlane/metadata/es-ES/marketing_url.txt'...
[09:11:32]: Loading './fastlane/metadata/es-ES/promotional_text.txt'...
[09:11:32]: Loading './fastlane/metadata/es-ES/name.txt'...
[09:11:32]: Loading './fastlane/metadata/es-ES/subtitle.txt'...
[09:11:32]: Loading './fastlane/metadata/es-ES/privacy_url.txt'...
[09:11:32]: Loading './fastlane/metadata/es-ES/apple_tv_privacy_policy.txt'...
[09:11:32]: Loading './fastlane/metadata/es-MX/description.txt'...
[09:11:32]: Loading './fastlane/metadata/es-MX/keywords.txt'...
[09:11:32]: Loading './fastlane/metadata/es-MX/release_notes.txt'...
[09:11:32]: Loading './fastlane/metadata/es-MX/support_url.txt'...
[09:11:32]: Loading './fastlane/metadata/es-MX/marketing_url.txt'...
[09:11:32]: Loading './fastlane/metadata/es-MX/promotional_text.txt'...
[09:11:32]: Loading './fastlane/metadata/es-MX/name.txt'...
[09:11:32]: Loading './fastlane/metadata/es-MX/subtitle.txt'...
[09:11:32]: Loading './fastlane/metadata/es-MX/privacy_url.txt'...
[09:11:32]: Loading './fastlane/metadata/es-MX/apple_tv_privacy_policy.txt'...
[09:11:32]: Loading './fastlane/metadata/fi/description.txt'...
[09:11:32]: Loading './fastlane/metadata/fi/keywords.txt'...
[09:11:32]: Loading './fastlane/metadata/fi/release_notes.txt'...
[09:11:32]: Loading './fastlane/metadata/fi/support_url.txt'...
[09:11:32]: Loading './fastlane/metadata/fi/marketing_url.txt'...
[09:11:32]: Loading './fastlane/metadata/fi/promotional_text.txt'...
[09:11:32]: Loading './fastlane/metadata/fi/name.txt'...
[09:11:32]: Loading './fastlane/metadata/fi/subtitle.txt'...
[09:11:32]: Loading './fastlane/metadata/fi/privacy_url.txt'...
[09:11:32]: Loading './fastlane/metadata/fi/apple_tv_privacy_policy.txt'...
[09:11:32]: Loading './fastlane/metadata/fr-CA/description.txt'...
[09:11:32]: Loading './fastlane/metadata/fr-CA/keywords.txt'...
[09:11:32]: Loading './fastlane/metadata/fr-CA/release_notes.txt'...
[09:11:32]: Loading './fastlane/metadata/fr-CA/support_url.txt'...
[09:11:32]: Loading './fastlane/metadata/fr-CA/marketing_url.txt'...
[09:11:32]: Loading './fastlane/metadata/fr-CA/promotional_text.txt'...
[09:11:32]: Loading './fastlane/metadata/fr-CA/name.txt'...
[09:11:32]: Loading './fastlane/metadata/fr-CA/subtitle.txt'...
[09:11:32]: Loading './fastlane/metadata/fr-CA/privacy_url.txt'...
[09:11:32]: Loading './fastlane/metadata/fr-CA/apple_tv_privacy_policy.txt'...
[09:11:32]: Loading './fastlane/metadata/fr-FR/description.txt'...
[09:11:32]: Loading './fastlane/metadata/fr-FR/keywords.txt'...
[09:11:32]: Loading './fastlane/metadata/fr-FR/release_notes.txt'...
[09:11:32]: Loading './fastlane/metadata/fr-FR/support_url.txt'...
[09:11:32]: Loading './fastlane/metadata/fr-FR/marketing_url.txt'...
[09:11:32]: Loading './fastlane/metadata/fr-FR/promotional_text.txt'...
[09:11:32]: Loading './fastlane/metadata/fr-FR/name.txt'...
[09:11:32]: Loading './fastlane/metadata/fr-FR/subtitle.txt'...
[09:11:32]: Loading './fastlane/metadata/fr-FR/privacy_url.txt'...
[09:11:32]: Loading './fastlane/metadata/fr-FR/apple_tv_privacy_policy.txt'...
[09:11:32]: Loading './fastlane/metadata/gu-IN/description.txt'...
[09:11:32]: Loading './fastlane/metadata/gu-IN/keywords.txt'...
[09:11:32]: Loading './fastlane/metadata/gu-IN/release_notes.txt'...
[09:11:32]: Loading './fastlane/metadata/gu-IN/support_url.txt'...
[09:11:32]: Loading './fastlane/metadata/gu-IN/marketing_url.txt'...
[09:11:32]: Loading './fastlane/metadata/gu-IN/promotional_text.txt'...
[09:11:32]: Loading './fastlane/metadata/gu-IN/name.txt'...
[09:11:32]: Loading './fastlane/metadata/gu-IN/subtitle.txt'...
[09:11:32]: Loading './fastlane/metadata/gu-IN/privacy_url.txt'...
[09:11:32]: Loading './fastlane/metadata/gu-IN/apple_tv_privacy_policy.txt'...
[09:11:32]: Loading './fastlane/metadata/he/description.txt'...
[09:11:32]: Loading './fastlane/metadata/he/keywords.txt'...
[09:11:32]: Loading './fastlane/metadata/he/release_notes.txt'...
[09:11:32]: Loading './fastlane/metadata/he/support_url.txt'...
[09:11:32]: Loading './fastlane/metadata/he/marketing_url.txt'...
[09:11:32]: Loading './fastlane/metadata/he/promotional_text.txt'...
[09:11:32]: Loading './fastlane/metadata/he/name.txt'...
[09:11:32]: Loading './fastlane/metadata/he/subtitle.txt'...
[09:11:32]: Loading './fastlane/metadata/he/privacy_url.txt'...
[09:11:32]: Loading './fastlane/metadata/he/apple_tv_privacy_policy.txt'...
[09:11:32]: Loading './fastlane/metadata/hi/description.txt'...
[09:11:32]: Loading './fastlane/metadata/hi/keywords.txt'...
[09:11:32]: Loading './fastlane/metadata/hi/release_notes.txt'...
[09:11:32]: Loading './fastlane/metadata/hi/support_url.txt'...
[09:11:32]: Loading './fastlane/metadata/hi/marketing_url.txt'...
[09:11:32]: Loading './fastlane/metadata/hi/promotional_text.txt'...
[09:11:32]: Loading './fastlane/metadata/hi/name.txt'...
[09:11:32]: Loading './fastlane/metadata/hi/subtitle.txt'...
[09:11:32]: Loading './fastlane/metadata/hi/privacy_url.txt'...
[09:11:32]: Loading './fastlane/metadata/hi/apple_tv_privacy_policy.txt'...
[09:11:32]: Loading './fastlane/metadata/hr/description.txt'...
[09:11:32]: Loading './fastlane/metadata/hr/keywords.txt'...
[09:11:32]: Loading './fastlane/metadata/hr/release_notes.txt'...
[09:11:32]: Loading './fastlane/metadata/hr/support_url.txt'...
[09:11:32]: Loading './fastlane/metadata/hr/marketing_url.txt'...
[09:11:32]: Loading './fastlane/metadata/hr/promotional_text.txt'...
[09:11:32]: Loading './fastlane/metadata/hr/name.txt'...
[09:11:32]: Loading './fastlane/metadata/hr/subtitle.txt'...
[09:11:32]: Loading './fastlane/metadata/hr/privacy_url.txt'...
[09:11:32]: Loading './fastlane/metadata/hr/apple_tv_privacy_policy.txt'...
[09:11:32]: Loading './fastlane/metadata/hu/description.txt'...
[09:11:32]: Loading './fastlane/metadata/hu/keywords.txt'...
[09:11:32]: Loading './fastlane/metadata/hu/release_notes.txt'...
[09:11:32]: Loading './fastlane/metadata/hu/support_url.txt'...
[09:11:32]: Loading './fastlane/metadata/hu/marketing_url.txt'...
[09:11:32]: Loading './fastlane/metadata/hu/promotional_text.txt'...
[09:11:32]: Loading './fastlane/metadata/hu/name.txt'...
[09:11:32]: Loading './fastlane/metadata/hu/subtitle.txt'...
[09:11:32]: Loading './fastlane/metadata/hu/privacy_url.txt'...
[09:11:32]: Loading './fastlane/metadata/hu/apple_tv_privacy_policy.txt'...
[09:11:32]: Loading './fastlane/metadata/id/description.txt'...
[09:11:32]: Loading './fastlane/metadata/id/keywords.txt'...
[09:11:32]: Loading './fastlane/metadata/id/release_notes.txt'...
[09:11:32]: Loading './fastlane/metadata/id/support_url.txt'...
[09:11:32]: Loading './fastlane/metadata/id/marketing_url.txt'...
[09:11:32]: Loading './fastlane/metadata/id/promotional_text.txt'...
[09:11:32]: Loading './fastlane/metadata/id/name.txt'...
[09:11:32]: Loading './fastlane/metadata/id/subtitle.txt'...
[09:11:32]: Loading './fastlane/metadata/id/privacy_url.txt'...
[09:11:32]: Loading './fastlane/metadata/id/apple_tv_privacy_policy.txt'...
[09:11:32]: Loading './fastlane/metadata/it/description.txt'...
[09:11:32]: Loading './fastlane/metadata/it/keywords.txt'...
[09:11:32]: Loading './fastlane/metadata/it/release_notes.txt'...
[09:11:32]: Loading './fastlane/metadata/it/support_url.txt'...
[09:11:32]: Loading './fastlane/metadata/it/marketing_url.txt'...
[09:11:32]: Loading './fastlane/metadata/it/promotional_text.txt'...
[09:11:32]: Loading './fastlane/metadata/it/name.txt'...
[09:11:32]: Loading './fastlane/metadata/it/subtitle.txt'...
[09:11:32]: Loading './fastlane/metadata/it/privacy_url.txt'...
[09:11:32]: Loading './fastlane/metadata/it/apple_tv_privacy_policy.txt'...
[09:11:32]: Loading './fastlane/metadata/ja/description.txt'...
[09:11:32]: Loading './fastlane/metadata/ja/keywords.txt'...
[09:11:32]: Loading './fastlane/metadata/ja/release_notes.txt'...
[09:11:32]: Loading './fastlane/metadata/ja/support_url.txt'...
[09:11:32]: Loading './fastlane/metadata/ja/marketing_url.txt'...
[09:11:32]: Loading './fastlane/metadata/ja/promotional_text.txt'...
[09:11:32]: Loading './fastlane/metadata/ja/name.txt'...
[09:11:32]: Loading './fastlane/metadata/ja/subtitle.txt'...
[09:11:32]: Loading './fastlane/metadata/ja/privacy_url.txt'...
[09:11:32]: Loading './fastlane/metadata/ja/apple_tv_privacy_policy.txt'...
[09:11:32]: Loading './fastlane/metadata/kn-IN/description.txt'...
[09:11:32]: Loading './fastlane/metadata/kn-IN/keywords.txt'...
[09:11:32]: Loading './fastlane/metadata/kn-IN/release_notes.txt'...
[09:11:32]: Loading './fastlane/metadata/kn-IN/support_url.txt'...
[09:11:32]: Loading './fastlane/metadata/kn-IN/marketing_url.txt'...
[09:11:32]: Loading './fastlane/metadata/kn-IN/promotional_text.txt'...
[09:11:32]: Loading './fastlane/metadata/kn-IN/name.txt'...
[09:11:32]: Loading './fastlane/metadata/kn-IN/subtitle.txt'...
[09:11:32]: Loading './fastlane/metadata/kn-IN/privacy_url.txt'...
[09:11:32]: Loading './fastlane/metadata/kn-IN/apple_tv_privacy_policy.txt'...
[09:11:32]: Loading './fastlane/metadata/ko/description.txt'...
[09:11:32]: Loading './fastlane/metadata/ko/keywords.txt'...
[09:11:32]: Loading './fastlane/metadata/ko/release_notes.txt'...
[09:11:32]: Loading './fastlane/metadata/ko/support_url.txt'...
[09:11:32]: Loading './fastlane/metadata/ko/marketing_url.txt'...
[09:11:32]: Loading './fastlane/metadata/ko/promotional_text.txt'...
[09:11:32]: Loading './fastlane/metadata/ko/name.txt'...
[09:11:32]: Loading './fastlane/metadata/ko/subtitle.txt'...
[09:11:32]: Loading './fastlane/metadata/ko/privacy_url.txt'...
[09:11:32]: Loading './fastlane/metadata/ko/apple_tv_privacy_policy.txt'...
[09:11:32]: Loading './fastlane/metadata/ml-IN/description.txt'...
[09:11:32]: Loading './fastlane/metadata/ml-IN/keywords.txt'...
[09:11:32]: Loading './fastlane/metadata/ml-IN/release_notes.txt'...
[09:11:32]: Loading './fastlane/metadata/ml-IN/support_url.txt'...
[09:11:32]: Loading './fastlane/metadata/ml-IN/marketing_url.txt'...
[09:11:32]: Loading './fastlane/metadata/ml-IN/promotional_text.txt'...
[09:11:32]: Loading './fastlane/metadata/ml-IN/name.txt'...
[09:11:32]: Loading './fastlane/metadata/ml-IN/subtitle.txt'...
[09:11:32]: Loading './fastlane/metadata/ml-IN/privacy_url.txt'...
[09:11:32]: Loading './fastlane/metadata/ml-IN/apple_tv_privacy_policy.txt'...
[09:11:32]: Loading './fastlane/metadata/mr-IN/description.txt'...
[09:11:32]: Loading './fastlane/metadata/mr-IN/keywords.txt'...
[09:11:32]: Loading './fastlane/metadata/mr-IN/release_notes.txt'...
[09:11:32]: Loading './fastlane/metadata/mr-IN/support_url.txt'...
[09:11:32]: Loading './fastlane/metadata/mr-IN/marketing_url.txt'...
[09:11:32]: Loading './fastlane/metadata/mr-IN/promotional_text.txt'...
[09:11:32]: Loading './fastlane/metadata/mr-IN/name.txt'...
[09:11:32]: Loading './fastlane/metadata/mr-IN/subtitle.txt'...
[09:11:32]: Loading './fastlane/metadata/mr-IN/privacy_url.txt'...
[09:11:32]: Loading './fastlane/metadata/mr-IN/apple_tv_privacy_policy.txt'...
[09:11:32]: Loading './fastlane/metadata/ms/description.txt'...
[09:11:32]: Loading './fastlane/metadata/ms/keywords.txt'...
[09:11:32]: Loading './fastlane/metadata/ms/release_notes.txt'...
[09:11:32]: Loading './fastlane/metadata/ms/support_url.txt'...
[09:11:32]: Loading './fastlane/metadata/ms/marketing_url.txt'...
[09:11:32]: Loading './fastlane/metadata/ms/promotional_text.txt'...
[09:11:32]: Loading './fastlane/metadata/ms/name.txt'...
[09:11:32]: Loading './fastlane/metadata/ms/subtitle.txt'...
[09:11:32]: Loading './fastlane/metadata/ms/privacy_url.txt'...
[09:11:32]: Loading './fastlane/metadata/ms/apple_tv_privacy_policy.txt'...
[09:11:32]: Loading './fastlane/metadata/nl-NL/description.txt'...
[09:11:32]: Loading './fastlane/metadata/nl-NL/keywords.txt'...
[09:11:32]: Loading './fastlane/metadata/nl-NL/release_notes.txt'...
[09:11:32]: Loading './fastlane/metadata/nl-NL/support_url.txt'...
[09:11:32]: Loading './fastlane/metadata/nl-NL/marketing_url.txt'...
[09:11:32]: Loading './fastlane/metadata/nl-NL/promotional_text.txt'...
[09:11:32]: Loading './fastlane/metadata/nl-NL/name.txt'...
[09:11:32]: Loading './fastlane/metadata/nl-NL/subtitle.txt'...
[09:11:32]: Loading './fastlane/metadata/nl-NL/privacy_url.txt'...
[09:11:32]: Loading './fastlane/metadata/nl-NL/apple_tv_privacy_policy.txt'...
[09:11:32]: Loading './fastlane/metadata/no/description.txt'...
[09:11:32]: Loading './fastlane/metadata/no/keywords.txt'...
[09:11:32]: Loading './fastlane/metadata/no/release_notes.txt'...
[09:11:32]: Loading './fastlane/metadata/no/support_url.txt'...
[09:11:32]: Loading './fastlane/metadata/no/marketing_url.txt'...
[09:11:32]: Loading './fastlane/metadata/no/promotional_text.txt'...
[09:11:32]: Loading './fastlane/metadata/no/name.txt'...
[09:11:32]: Loading './fastlane/metadata/no/subtitle.txt'...
[09:11:32]: Loading './fastlane/metadata/no/privacy_url.txt'...
[09:11:32]: Loading './fastlane/metadata/no/apple_tv_privacy_policy.txt'...
[09:11:32]: Loading './fastlane/metadata/or-IN/description.txt'...
[09:11:32]: Loading './fastlane/metadata/or-IN/keywords.txt'...
[09:11:32]: Loading './fastlane/metadata/or-IN/release_notes.txt'...
[09:11:32]: Loading './fastlane/metadata/or-IN/support_url.txt'...
[09:11:32]: Loading './fastlane/metadata/or-IN/marketing_url.txt'...
[09:11:32]: Loading './fastlane/metadata/or-IN/promotional_text.txt'...
[09:11:32]: Loading './fastlane/metadata/or-IN/name.txt'...
[09:11:32]: Loading './fastlane/metadata/or-IN/subtitle.txt'...
[09:11:32]: Loading './fastlane/metadata/or-IN/privacy_url.txt'...
[09:11:32]: Loading './fastlane/metadata/or-IN/apple_tv_privacy_policy.txt'...
[09:11:32]: Loading './fastlane/metadata/pa-IN/description.txt'...
[09:11:32]: Loading './fastlane/metadata/pa-IN/keywords.txt'...
[09:11:32]: Loading './fastlane/metadata/pa-IN/release_notes.txt'...
[09:11:32]: Loading './fastlane/metadata/pa-IN/support_url.txt'...
[09:11:32]: Loading './fastlane/metadata/pa-IN/marketing_url.txt'...
[09:11:32]: Loading './fastlane/metadata/pa-IN/promotional_text.txt'...
[09:11:32]: Loading './fastlane/metadata/pa-IN/name.txt'...
[09:11:32]: Loading './fastlane/metadata/pa-IN/subtitle.txt'...
[09:11:32]: Loading './fastlane/metadata/pa-IN/privacy_url.txt'...
[09:11:32]: Loading './fastlane/metadata/pa-IN/apple_tv_privacy_policy.txt'...
[09:11:32]: Loading './fastlane/metadata/pl/description.txt'...
[09:11:32]: Loading './fastlane/metadata/pl/keywords.txt'...
[09:11:32]: Loading './fastlane/metadata/pl/release_notes.txt'...
[09:11:32]: Loading './fastlane/metadata/pl/support_url.txt'...
[09:11:32]: Loading './fastlane/metadata/pl/marketing_url.txt'...
[09:11:32]: Loading './fastlane/metadata/pl/promotional_text.txt'...
[09:11:32]: Loading './fastlane/metadata/pl/name.txt'...
[09:11:32]: Loading './fastlane/metadata/pl/subtitle.txt'...
[09:11:32]: Loading './fastlane/metadata/pl/privacy_url.txt'...
[09:11:32]: Loading './fastlane/metadata/pl/apple_tv_privacy_policy.txt'...
[09:11:32]: Loading './fastlane/metadata/pt-BR/description.txt'...
[09:11:32]: Loading './fastlane/metadata/pt-BR/keywords.txt'...
[09:11:32]: Loading './fastlane/metadata/pt-BR/release_notes.txt'...
[09:11:32]: Loading './fastlane/metadata/pt-BR/support_url.txt'...
[09:11:32]: Loading './fastlane/metadata/pt-BR/marketing_url.txt'...
[09:11:32]: Loading './fastlane/metadata/pt-BR/promotional_text.txt'...
[09:11:32]: Loading './fastlane/metadata/pt-BR/name.txt'...
[09:11:32]: Loading './fastlane/metadata/pt-BR/subtitle.txt'...
[09:11:32]: Loading './fastlane/metadata/pt-BR/privacy_url.txt'...
[09:11:32]: Loading './fastlane/metadata/pt-BR/apple_tv_privacy_policy.txt'...
[09:11:32]: Loading './fastlane/metadata/pt-PT/description.txt'...
[09:11:32]: Loading './fastlane/metadata/pt-PT/keywords.txt'...
[09:11:32]: Loading './fastlane/metadata/pt-PT/release_notes.txt'...
[09:11:32]: Loading './fastlane/metadata/pt-PT/support_url.txt'...
[09:11:32]: Loading './fastlane/metadata/pt-PT/marketing_url.txt'...
[09:11:32]: Loading './fastlane/metadata/pt-PT/promotional_text.txt'...
[09:11:32]: Loading './fastlane/metadata/pt-PT/name.txt'...
[09:11:32]: Loading './fastlane/metadata/pt-PT/subtitle.txt'...
[09:11:32]: Loading './fastlane/metadata/pt-PT/privacy_url.txt'...
[09:11:32]: Loading './fastlane/metadata/pt-PT/apple_tv_privacy_policy.txt'...
[09:11:32]: Loading './fastlane/metadata/ro/description.txt'...
[09:11:32]: Loading './fastlane/metadata/ro/keywords.txt'...
[09:11:32]: Loading './fastlane/metadata/ro/release_notes.txt'...
[09:11:32]: Loading './fastlane/metadata/ro/support_url.txt'...
[09:11:32]: Loading './fastlane/metadata/ro/marketing_url.txt'...
[09:11:32]: Loading './fastlane/metadata/ro/promotional_text.txt'...
[09:11:32]: Loading './fastlane/metadata/ro/name.txt'...
[09:11:32]: Loading './fastlane/metadata/ro/subtitle.txt'...
[09:11:32]: Loading './fastlane/metadata/ro/privacy_url.txt'...
[09:11:32]: Loading './fastlane/metadata/ro/apple_tv_privacy_policy.txt'...
[09:11:32]: Loading './fastlane/metadata/ru/description.txt'...
[09:11:32]: Loading './fastlane/metadata/ru/keywords.txt'...
[09:11:32]: Loading './fastlane/metadata/ru/release_notes.txt'...
[09:11:32]: Loading './fastlane/metadata/ru/support_url.txt'...
[09:11:32]: Loading './fastlane/metadata/ru/marketing_url.txt'...
[09:11:32]: Loading './fastlane/metadata/ru/promotional_text.txt'...
[09:11:32]: Loading './fastlane/metadata/ru/name.txt'...
[09:11:32]: Loading './fastlane/metadata/ru/subtitle.txt'...
[09:11:32]: Loading './fastlane/metadata/ru/privacy_url.txt'...
[09:11:32]: Loading './fastlane/metadata/ru/apple_tv_privacy_policy.txt'...
[09:11:32]: Loading './fastlane/metadata/sk/description.txt'...
[09:11:32]: Loading './fastlane/metadata/sk/keywords.txt'...
[09:11:32]: Loading './fastlane/metadata/sk/release_notes.txt'...
[09:11:32]: Loading './fastlane/metadata/sk/support_url.txt'...
[09:11:32]: Loading './fastlane/metadata/sk/marketing_url.txt'...
[09:11:32]: Loading './fastlane/metadata/sk/promotional_text.txt'...
[09:11:32]: Loading './fastlane/metadata/sk/name.txt'...
[09:11:32]: Loading './fastlane/metadata/sk/subtitle.txt'...
[09:11:32]: Loading './fastlane/metadata/sk/privacy_url.txt'...
[09:11:32]: Loading './fastlane/metadata/sk/apple_tv_privacy_policy.txt'...
[09:11:32]: Loading './fastlane/metadata/sl-SI/description.txt'...
[09:11:32]: Loading './fastlane/metadata/sl-SI/keywords.txt'...
[09:11:32]: Loading './fastlane/metadata/sl-SI/release_notes.txt'...
[09:11:32]: Loading './fastlane/metadata/sl-SI/support_url.txt'...
[09:11:32]: Loading './fastlane/metadata/sl-SI/marketing_url.txt'...
[09:11:32]: Loading './fastlane/metadata/sl-SI/promotional_text.txt'...
[09:11:32]: Loading './fastlane/metadata/sl-SI/name.txt'...
[09:11:32]: Loading './fastlane/metadata/sl-SI/subtitle.txt'...
[09:11:32]: Loading './fastlane/metadata/sl-SI/privacy_url.txt'...
[09:11:32]: Loading './fastlane/metadata/sl-SI/apple_tv_privacy_policy.txt'...
[09:11:32]: Loading './fastlane/metadata/sv/description.txt'...
[09:11:32]: Loading './fastlane/metadata/sv/keywords.txt'...
[09:11:32]: Loading './fastlane/metadata/sv/release_notes.txt'...
[09:11:32]: Loading './fastlane/metadata/sv/support_url.txt'...
[09:11:32]: Loading './fastlane/metadata/sv/marketing_url.txt'...
[09:11:32]: Loading './fastlane/metadata/sv/promotional_text.txt'...
[09:11:32]: Loading './fastlane/metadata/sv/name.txt'...
[09:11:32]: Loading './fastlane/metadata/sv/subtitle.txt'...
[09:11:32]: Loading './fastlane/metadata/sv/privacy_url.txt'...
[09:11:32]: Loading './fastlane/metadata/sv/apple_tv_privacy_policy.txt'...
[09:11:32]: Loading './fastlane/metadata/ta-IN/description.txt'...
[09:11:32]: Loading './fastlane/metadata/ta-IN/keywords.txt'...
[09:11:32]: Loading './fastlane/metadata/ta-IN/release_notes.txt'...
[09:11:32]: Loading './fastlane/metadata/ta-IN/support_url.txt'...
[09:11:32]: Loading './fastlane/metadata/ta-IN/marketing_url.txt'...
[09:11:32]: Loading './fastlane/metadata/ta-IN/promotional_text.txt'...
[09:11:32]: Loading './fastlane/metadata/ta-IN/name.txt'...
[09:11:32]: Loading './fastlane/metadata/ta-IN/subtitle.txt'...
[09:11:32]: Loading './fastlane/metadata/ta-IN/privacy_url.txt'...
[09:11:32]: Loading './fastlane/metadata/ta-IN/apple_tv_privacy_policy.txt'...
[09:11:32]: Loading './fastlane/metadata/te-IN/description.txt'...
[09:11:32]: Loading './fastlane/metadata/te-IN/keywords.txt'...
[09:11:32]: Loading './fastlane/metadata/te-IN/release_notes.txt'...
[09:11:32]: Loading './fastlane/metadata/te-IN/support_url.txt'...
[09:11:32]: Loading './fastlane/metadata/te-IN/marketing_url.txt'...
[09:11:32]: Loading './fastlane/metadata/te-IN/promotional_text.txt'...
[09:11:32]: Loading './fastlane/metadata/te-IN/name.txt'...
[09:11:32]: Loading './fastlane/metadata/te-IN/subtitle.txt'...
[09:11:32]: Loading './fastlane/metadata/te-IN/privacy_url.txt'...
[09:11:32]: Loading './fastlane/metadata/te-IN/apple_tv_privacy_policy.txt'...
[09:11:32]: Loading './fastlane/metadata/th/description.txt'...
[09:11:32]: Loading './fastlane/metadata/th/keywords.txt'...
[09:11:32]: Loading './fastlane/metadata/th/release_notes.txt'...
[09:11:32]: Loading './fastlane/metadata/th/support_url.txt'...
[09:11:32]: Loading './fastlane/metadata/th/marketing_url.txt'...
[09:11:32]: Loading './fastlane/metadata/th/promotional_text.txt'...
[09:11:32]: Loading './fastlane/metadata/th/name.txt'...
[09:11:32]: Loading './fastlane/metadata/th/subtitle.txt'...
[09:11:32]: Loading './fastlane/metadata/th/privacy_url.txt'...
[09:11:32]: Loading './fastlane/metadata/th/apple_tv_privacy_policy.txt'...
[09:11:32]: Loading './fastlane/metadata/tr/description.txt'...
[09:11:32]: Loading './fastlane/metadata/tr/keywords.txt'...
[09:11:32]: Loading './fastlane/metadata/tr/release_notes.txt'...
[09:11:32]: Loading './fastlane/metadata/tr/support_url.txt'...
[09:11:32]: Loading './fastlane/metadata/tr/marketing_url.txt'...
[09:11:32]: Loading './fastlane/metadata/tr/promotional_text.txt'...
[09:11:32]: Loading './fastlane/metadata/tr/name.txt'...
[09:11:32]: Loading './fastlane/metadata/tr/subtitle.txt'...
[09:11:32]: Loading './fastlane/metadata/tr/privacy_url.txt'...
[09:11:32]: Loading './fastlane/metadata/tr/apple_tv_privacy_policy.txt'...
[09:11:32]: Loading './fastlane/metadata/uk/description.txt'...
[09:11:32]: Loading './fastlane/metadata/uk/keywords.txt'...
[09:11:32]: Loading './fastlane/metadata/uk/release_notes.txt'...
[09:11:32]: Loading './fastlane/metadata/uk/support_url.txt'...
[09:11:32]: Loading './fastlane/metadata/uk/marketing_url.txt'...
[09:11:32]: Loading './fastlane/metadata/uk/promotional_text.txt'...
[09:11:32]: Loading './fastlane/metadata/uk/name.txt'...
[09:11:32]: Loading './fastlane/metadata/uk/subtitle.txt'...
[09:11:32]: Loading './fastlane/metadata/uk/privacy_url.txt'...
[09:11:32]: Loading './fastlane/metadata/uk/apple_tv_privacy_policy.txt'...
[09:11:32]: Loading './fastlane/metadata/ur-PK/description.txt'...
[09:11:32]: Loading './fastlane/metadata/ur-PK/keywords.txt'...
[09:11:32]: Loading './fastlane/metadata/ur-PK/release_notes.txt'...
[09:11:32]: Loading './fastlane/metadata/ur-PK/support_url.txt'...
[09:11:32]: Loading './fastlane/metadata/ur-PK/marketing_url.txt'...
[09:11:32]: Loading './fastlane/metadata/ur-PK/promotional_text.txt'...
[09:11:32]: Loading './fastlane/metadata/ur-PK/name.txt'...
[09:11:32]: Loading './fastlane/metadata/ur-PK/subtitle.txt'...
[09:11:32]: Loading './fastlane/metadata/ur-PK/privacy_url.txt'...
[09:11:32]: Loading './fastlane/metadata/ur-PK/apple_tv_privacy_policy.txt'...
[09:11:32]: Loading './fastlane/metadata/vi/description.txt'...
[09:11:32]: Loading './fastlane/metadata/vi/keywords.txt'...
[09:11:32]: Loading './fastlane/metadata/vi/release_notes.txt'...
[09:11:32]: Loading './fastlane/metadata/vi/support_url.txt'...
[09:11:32]: Loading './fastlane/metadata/vi/marketing_url.txt'...
[09:11:32]: Loading './fastlane/metadata/vi/promotional_text.txt'...
[09:11:32]: Loading './fastlane/metadata/vi/name.txt'...
[09:11:32]: Loading './fastlane/metadata/vi/subtitle.txt'...
[09:11:32]: Loading './fastlane/metadata/vi/privacy_url.txt'...
[09:11:32]: Loading './fastlane/metadata/vi/apple_tv_privacy_policy.txt'...
[09:11:32]: Loading './fastlane/metadata/zh-Hans/description.txt'...
[09:11:32]: Loading './fastlane/metadata/zh-Hans/keywords.txt'...
[09:11:32]: Loading './fastlane/metadata/zh-Hans/release_notes.txt'...
[09:11:32]: Loading './fastlane/metadata/zh-Hans/support_url.txt'...
[09:11:32]: Loading './fastlane/metadata/zh-Hans/marketing_url.txt'...
[09:11:32]: Loading './fastlane/metadata/zh-Hans/promotional_text.txt'...
[09:11:32]: Loading './fastlane/metadata/zh-Hans/name.txt'...
[09:11:32]: Loading './fastlane/metadata/zh-Hans/subtitle.txt'...
[09:11:32]: Loading './fastlane/metadata/zh-Hans/privacy_url.txt'...
[09:11:32]: Loading './fastlane/metadata/zh-Hans/apple_tv_privacy_policy.txt'...
[09:11:32]: Loading './fastlane/metadata/zh-Hant/description.txt'...
[09:11:32]: Loading './fastlane/metadata/zh-Hant/keywords.txt'...
[09:11:32]: Loading './fastlane/metadata/zh-Hant/release_notes.txt'...
[09:11:32]: Loading './fastlane/metadata/zh-Hant/support_url.txt'...
[09:11:32]: Loading './fastlane/metadata/zh-Hant/marketing_url.txt'...
[09:11:32]: Loading './fastlane/metadata/zh-Hant/promotional_text.txt'...
[09:11:32]: Loading './fastlane/metadata/zh-Hant/name.txt'...
[09:11:32]: Loading './fastlane/metadata/zh-Hant/subtitle.txt'...
[09:11:32]: Loading './fastlane/metadata/zh-Hant/privacy_url.txt'...
[09:11:32]: Loading './fastlane/metadata/zh-Hant/apple_tv_privacy_policy.txt'...
[09:11:32]: Loading './fastlane/metadata/copyright.txt'...
[09:11:32]: Loading './fastlane/metadata/primary_category.txt'...
[09:11:32]: Loading './fastlane/metadata/secondary_category.txt'...
[09:11:32]: Loading './fastlane/metadata/primary_first_sub_category.txt'...
[09:11:32]: Loading './fastlane/metadata/primary_second_sub_category.txt'...
[09:11:32]: Loading './fastlane/metadata/secondary_first_sub_category.txt'...
[09:11:32]: Loading './fastlane/metadata/secondary_second_sub_category.txt'...
[09:11:32]: Loading './fastlane/metadata/review_information/first_name.txt'...
[09:11:32]: Loading './fastlane/metadata/review_information/last_name.txt'...
[09:11:32]: Loading './fastlane/metadata/review_information/phone_number.txt'...
[09:11:32]: Loading './fastlane/metadata/review_information/email_address.txt'...
[09:11:32]: Loading './fastlane/metadata/review_information/demo_user.txt'...
[09:11:32]: Loading './fastlane/metadata/review_information/demo_password.txt'...
[09:11:32]: Loading './fastlane/metadata/review_information/notes.txt'...
[09:11:32]: Cannot find edit app store version... Retrying after 20 seconds (remaining: 6)
[09:11:52]: Cannot find edit app store version... Retrying after 40 seconds (remaining: 5)
[09:12:32]: Cannot find edit app store version... Retrying after 80 seconds (remaining: 4)
[09:13:53]: Cannot find edit app store version... Retrying after 160 seconds (remaining: 3)
[09:16:33]: Cannot find edit app store version... Retrying after 300 seconds (remaining: 2)
[09:21:34]: Cannot find edit app store version... Retrying after 300 seconds (remaining: 1)
[09:26:34]: Cannot find edit app store version... Retrying after 300 seconds (remaining: 0)
+----------------------------------------+
|              Lane Context              |
+------------------+---------------------+
| DEFAULT_PLATFORM | ios                 |
| PLATFORM_NAME    | ios                 |
| LANE_NAME        | ios upload_metadata |
+------------------+---------------------+
[09:31:34]: Called from Fastfile at line 19
[09:31:34]: ```
[09:31:34]:     17:	    skip_shots = ENV.fetch("SKIP_SCREENSHOTS", "false") == "true"
[09:31:34]:     18:	
[09:31:34]:  => 19:	    deliver(
[09:31:34]:     20:	      api_key: api_key,
[09:31:34]:     21:	      app_version: version,
[09:31:34]: ```
[09:31:34]: Cannot update languages - could not find an editable version for 'IOS'

+---------------------------------------------+
|              fastlane summary               |
+------+------------------------+-------------+
| Step | Action                 | Time (in s) |
+------+------------------------+-------------+
| 1    | opt_out_usage          | 0           |
| 2    | default_platform       | 0           |
| 3    | app_store_connect_api  | 0           |
|      | _key                   |             |
| 💥   | deliver                | 1202        |
+------+------------------------+-------------+

[09:31:34]: fastlane finished with errors

[!] Cannot update languages - could not find an editable version for 'IOS'

#######################################################################
# fastlane 2.235.0 is available. You are on 2.234.0.
# You should use the latest version.
# Please update using `fastlane update_fastlane`.
#######################################################################
# Run `gem cleanup` from time to time to speed up fastlane
#######################################################################

2.235.0 Improvements
* [docs] allow deletion of no longer existing docs (#30020) via Connor Tumbleson (@iBotPeaches)
* [increment_version_number] update MARKETING_VERSION build setting (#30031) via André Destro (@andredestro)
* [match] nuke respects "skip_confirmation" (#30023) via Connor Tumbleson (@iBotPeaches)
* [screengrab] Fix screenshot copy count and path probe output (#30038) via Nakshatra Singh (@nakshatrasinghh)
* [chore] remove top level dirs of "rakelib" and "rubocop" (#30045) via Connor Tumbleson (@iBotPeaches)
* [ci] fix flaky test due to time shift (#30030) via Connor Tumbleson (@iBotPeaches)
* [supply] fix crash if no release on track (#30029) via Connor Tumbleson (@iBotPeaches)
* [frameit] add sanitized device name to error message (#30028) via Connor Tumbleson (@iBotPeaches)
* [match] strip nbsp; from return of phone 2fa (#30004) via Connor Tumbleson (@iBotPeaches)
* [snapshot] fix: keep 'stderr' during simulator configuration/launch (#29839) via Connor Tumbleson (@iBotPeaches)
* [ci] test on Xcode 26.5 (#30044) via Connor Tumbleson (@iBotPeaches)
* [notarize] Remove legacy altool flow (#29896) via Hasancan Akgündüz (@hasancanakgunduz)
* [supply] add google play endpoint for track meta (#29999) via Tim Shedor (@tshedor)
* [core] Upgraded jwt gem dependency range to include v3 series (#30042) via Siddharth Bhatt (@sidbhatt11)
* [pilot] Fix FrozenError when whats_new is a frozen string (#30039) via Eyüp Can Akman (@eyupcanakman)
* [match] Expand range of valid characters in app name (#30036) via Michal Mazur (@michalm-st)
* [spaceship][deliver][pilot] Add support for App Clips default experience metadata and review information (#30010) via Krystian Łabanowski (@Krych)
* [test] skip VisionOS test if sdk not installed (#30032) via Connor Tumbleson (@iBotPeaches)
* [Ruby] Ruby 3.0 is now the minimum (dropping Ruby 2.7) (#29942) via Connor Tumbleson (@iBotPeaches)
* [slack] support thread_ts for slack messages (#29904) via Tim Shedor (@tshedor)

Please update using `fastlane update_fastlane`
